IDENTIFIER(int)(lineNum:1, charPos:1)
IDENTIFIER(a11b)(lineNum:1, charPos:5)
ASSIGN(lineNum:1, charPos:10)
IDENTIFIER(l33t)(lineNum:1, charPos:12)
SUB(lineNum:1, charPos:17)
IDENTIFIER(sp33k)(lineNum:1, charPos:19)
SUB(lineNum:1, charPos:25)
IDENTIFIER(c4n)(lineNum:1, charPos:27)
ADD(lineNum:1, charPos:31)
IDENTIFIER(tr1p)(lineNum:1, charPos:33)
ADD(lineNum:1, charPos:38)
IDENTIFIER(sc4nn3rs)(lineNum:1, charPos:40)
ERROR(Unexpected character: .)(lineNum:1, charPos:48)
EOF(lineNum:2, charPos:1)
